// Jest Snapshot v1, https://goo.gl/fbAQLP

exports[`app component renders the app 1`] = `
<Fragment>
  <Header />
  <PhotoAlbum
    photos={
      Array [
        "/path/image",
        "/path/image",
        "/path/image",
        "/path/image",
      ]
    }
    title="Megan"
  />
</Fragment>
`;
