// Jest Snapshot v1, https://goo.gl/fbAQLP

exports[`Color component renders the color 1`] = `
<dl>
  <dt>
    Name:
  </dt>
  <dd>
    blue
    <div
      style={
        Object {
          "backgroundColor": "ff0000",
          "height": "100px",
          "width": "100px",
        }
      }
    />
  </dd>
  <dt>
    Hex:
  </dt>
  <dd>
    ff0000
  </dd>
  <dt>
    RGB:
  </dt>
  <dd>
    <p>
      Red - 
      240
    </p>
    <p>
      Green - 
      0
    </p>
    <p>
      Blue - 
      0
    </p>
  </dd>
</dl>
`;
