// Jest Snapshot v1, https://goo.gl/fbAQLP

exports[`colors component renders the colors 1`] = `
<dl
  style={
    Object {
      "backgroundColor": "#FF0000",
      "height": "400px",
      "width": "100px",
    }
  }
>
  <dt>
    Name:
  </dt>
  <dd>
    red
  </dd>
  <dt>
    Hex:
  </dt>
  <dd>
    #FF0000
  </dd>
  <dt>
    RGB:
  </dt>
  <dd>
    <p>
      Red - 
      255
    </p>
    <p>
      Green - 
      0
    </p>
    <p>
      Blue - 
      0
    </p>
  </dd>
</dl>
`;
